(~(L | K) <-> (L & ~K))
├── ~(L | K)
│  └── (L & ~K)
│     └── L
│        └── ~K
│           └── ~L
│              └── ~K ✓
└── ~~(L | K)
   └── ~(L & ~K)
      └── (L | K)
         ├── L
         │  ├── ~L X
         │  └── ~~K
         │     └── K ✓
         └── K
            ├── ~L ✓
            └── ~~K
               └── K ✓
