((C -> D) <-> (~C | (D & E)))
├── (C -> D)
│  └── (~C | (D & E))
│     ├── ~C
│     │  ├── ~C ✓
│     │  └── D ✓
│     └── (D & E)
│        └── D
│           └── E
│              ├── ~C ✓
│              └── D ✓
└── ~(C -> D)
   └── ~(~C | (D & E))
      └── ~~C
         └── ~D
            └── C
               └── ~~C
                  └── ~(D & E)
                     └── C
                        ├── ~D ✓
                        └── ~E ✓
