((~(~D -> F) | ~D) <-> (D & F)) 
├── (~(~D -> F) | ~D) 
│  └── (D & F) 
│     └── D 
│        └── F 
│           ├── ~(~D -> F) 
│           │  └── ~~~D 
│           │     └── ~F 
│           │        └── ~D X
│           └── ~D X
└── ~(~(~D -> F) | ~D) 
   └── ~(D & F) 
      └── ~~(~D -> F) 
         └── ~~D 
            └── (~D -> F) 
               └── D 
                  ├── ~D 
                  │  ├── ~~D 
                  │  │  └── D X
                  │  └── F ✓
                  └── ~F 
                     ├── ~~D 
                     │  └── D ✓
                     └── F X
