1: (x)(Cx -> ~Bx)                                    Ass.
2: (∃x)Bx                                            Ass.
3: Bd                                                Ass.
4: Cd                                                Ass.
5: (Cd -> ~Bd)                                       UE, (x)(Cx -> ~Bx)
6: ~Cd                                               MT, (Cd -> ~Bd), Bd
7: (∃x)~Cx                                           ∃I, ~Cd
∴ (∃x)~Cx  ■
