1: (x)(Rx | Cx)                                      Ass.
2: (x)(Cx -> Sx)                                     Ass.
3: ~Ra                                               Ass.
4: (Ra | Ca)                                         UE, (x)(Rx | Cx)
5: (Ca -> Sa)                                        UE, (x)(Cx -> Sx)
6: Ca                                                DS, (Ra | Ca), ~Ra
7: Sa                                                MP, (Ca -> Sa), Ca
8: (~Ra & Sa)                                        &I, ~Ra, Sa
9: (∃x)(~Rx & Sx)                                    ∃I, (~Ra & Sa)
10: ((∃x)(~Rx & Sx) | Fbc)                            ∨I, (∃x)(~Rx & Sx), Fbc
∴ ((∃x)(~Rx & Sx) | Fbc)  ■
