1: (y)(~Vy -> By)                                    Ass.
2: (x)~(Fxr & Bx)                                    Ass.
3: Fir                                               Ass.
4: ~Vi                                               Ass.
5: ~(Fir & Bi)                                       UE, (x)~(Fxr & Bx)
6: (~Fir | ~Bi)                                      DeM, ~(Fir & Bi)
7: ~Bi                                               DS, (~Fir | ~Bi), Fir
∴ ~Bi  ■
