1: ~Bea                          P
2: ~Ped                          P
3: Febcq                         P
4: Ge                            P
5: ~Gh                           P
6: (~Bea & ~Ped)                 Derived from [~Bea, ~Ped], &I
7: (Febcq & Ge)                  Derived from [Febcq, Ge], &I
8: ((~Bea & ~Ped) & (Febcq & Ge))Derived from [(~Bea & ~Ped), (Febcq & Ge)], &I
9: (∃x)((~Bxa & ~Pxd) & (Fxbcq & Gx))Derived from [((~Bea & ~Ped) & (Febcq & Ge))], ∃I
∴ (∃x)((~Bxa & ~Pxd) & (Fxbcq & Gx))  ■
