1: Hab                                               Ass.
2: (Hab -> (z)(Jz -> Kz))                            Ass.
3: ((z)(Jz -> Kz) -> (∃y)Py)                         Ass.
4: ((∃y)Py -> Bb)                                    Ass.
5: (z)(Jz -> Kz)                                     MP, (Hab -> (z)(Jz -> Kz)), Hab
6: (∃y)Py                                            MP, ((z)(Jz -> Kz) -> (∃y)Py), (z)(Jz -> Kz)
7: Bb                                                MP, ((∃y)Py -> Bb), (∃y)Py
∴ Bb  ■
