~(Usa -> (Lol & Usa))
└── ~~Usa
   └── ~(Lol & Usa)
      └── Usa
         ├── ~Lol open
         └── ~Usa X
