((~(a = d ∨ (x)Lx) ∨ ~a = d) ↔ ~(~a = d ∨ ~(x)Lx))
├── (~(a = d ∨ (x)Lx) ∨ ~a = d)
│  └── ~(~a = d ∨ ~(x)Lx)
│     └── ~~a = d
│        └── ~~(x)Lx
│           └── a = d
│              └── (x)Lx
│                 ├── ~(a = d ∨ (x)Lx)
│                 │  └── ~a = d
│                 │     └── ~(x)Lx X
│                 └── ~a = d X
└── ~(~(a = d ∨ (x)Lx) ∨ ~a = d)
   └── ~~(~a = d ∨ ~(x)Lx)
      └── (~a = d ∨ ~(x)Lx)
         └── ~~(a = d ∨ (x)Lx)
            └── ~~a = d
               └── (a = d ∨ (x)Lx)
                  └── a = d
                     ├── ~a = d X
                     └── ~(x)Lx
                        └── (∃x)~Lx
                           └── ~Lb
                              ├── a = d
                              │  └── d = d
                              │     └── d = d
                              │        └── d = d open
                              └── (x)Lx
                                 └── d = d
                                    └── La
                                       └── Lb X
