~((n = o & Po) ↔ Pn)
├── (n = o & Po)
│  └── ~Pn
│     └── n = o
│        └── Po
│           └── o = o
│              └── ~Po X
└── ~(n = o & Po)
   └── Pn
      ├── ~n = o open
      └── ~Po open
