((x)Px ↔ (∃x)~Px)
├── (x)Px
│  └── (∃x)~Px
│     └── ~Pa
│        └── Pa X
└── ~(x)Px
   └── ~(∃x)~Px
      └── (x)~~Px
         └── (∃x)~Px
            └── ~Pa
               └── ~~Pa
                  └── Pa X
