1: (M & (~N -> ~M))                                  Ass.
2: M                                                 &E, (M & (~N -> ~M))
3: (~N -> ~M)                                        &E, (M & (~N -> ~M))
4: N                                                 MT, (~N -> ~M), M
5: (N & M)                                           &I, N, M
6: ((N & M) | ~M)                                    ∨I, (N & M), ~M
∴ ((N & M) | ~M)  ■
