1: (A -> B)                                          Ass.
2: (~A | B)                                          MI, (A -> B)
∴ (~A | B)  ■
