1: (A -> ~(~C | ~D))                                 Ass.
2: ~(C & D)                                          Ass.
3: (~C | ~D)                                         DeM, ~(C & D)
4: ~A                                                MT, (A -> ~(~C | ~D)), (~C | ~D)
∴ ~A  ■
