1: (A <-> B)                     P                             
2: (A -> B)                      Derived from [(A <-> B)], ↔E
3: (B -> A)                      Derived from [(A <-> B)], ↔E
4: ((A -> B) & (B -> A))         Derived from [(A -> B), (B -> A)], &I
∴ ((A -> B) & (B -> A))  ■
