1: ~(A <-> B)                                        Ass.
2: ~((A -> B) & (B -> A))                            DeM, ~(A <-> B)
∴ ~((A -> B) & (B -> A))  ■