1: ~((A -> B) & (B -> A))                            Ass.
2: ~(A <-> B)                                        DeM, ~((A -> B) & (B -> A))
∴ ~(A <-> B)  ■
