1: (~X -> (Y -> ~Z))                                 Ass.
2: (~M -> (~Z -> X))                                 Ass.
3: (~M & ~X)                                         Ass.
4: ~M                                                &E, (~M & ~X)
5: ~X                                                &E, (~M & ~X)
6: (Y -> ~Z)                                         MP, (~X -> (Y -> ~Z)), ~X
7: (~Z -> X)                                         MP, (~M -> (~Z -> X)), ~M
8: (Y -> X)                                          HS, (Y -> ~Z), (~Z -> X)
9: ~Y                                                MT, (Y -> X), ~X
∴ ~Y  ■
