1: (~B -> ~A)                                        Ass.
2: ~B                                                Ass.
3: ~A                                                MP, (~B -> ~A), ~B
4: (~A | (K <-> C))                                  ∨I, ~A, (K <-> C)
∴ (~A | (K <-> C))  ■
