1: (~P -> ~Q)                                        Ass.
2: ((C -> D) & E)                                    Ass.
3: (~E | C)                                          Ass.
4: (Q -> ~D)                                         Ass.
5: (C -> D)                                          &E, ((C -> D) & E)
6: E                                                 &E, ((C -> D) & E)
7: C                                                 DS, (~E | C), E
8: D                                                 MP, (C -> D), C
9: ~Q                                                MT, (Q -> ~D), D
∴ ~Q  ■
