1: (A -> (B & (C & D)))          P
2: A                             P
3: ((C & D) -> E)                P
4: (B & (C & D))                 Derived from [(A -> (B & (C & D))), A], MP
5: (C & D)                       Derived from [(B & (C & D))], &E
6: E                             Derived from [((C & D) -> E), (C & D)], MP
7: (A & E)                       Derived from [A, E], &I
∴ (A & E)		■
