1: P                                                 Ass.
2: (P -> (Q & ~R))                                   Ass.
3: (~P | (~S & T))                                   Ass.
4: ((T & ~S) -> ~U)                                  Ass.
5: (~S & T)                                          DS, (~P | (~S & T)), P
6: ~S                                                &E, (~S & T)
7: T                                                 &E, (~S & T)
8: (T & ~S)                                          &I, T, ~S
9: ~U                                                MP, ((T & ~S) -> ~U), (T & ~S)
∴ ~U  ■
