1: (A & B)                                           Ass.
2: ~(~A | ~B)                                        DeM, (A & B)
∴ ~(~A | ~B)  ■
