1: (A <-> B)                                         Ass.
2: (A -> B)                                          ↔E, (A <-> B)
3: (B -> A)                                          ↔E, (A <-> B)
4: ((A -> B) & (B -> A))                             &I, (A -> B), (B -> A)
5: (((A -> B) & (B -> A)) | (A & (B & (C & D))))     ∨I, ((A -> B) & (B -> A)), (A & (B & (C & D)))
∴ (((A -> B) & (B -> A)) | (A & (B & (C & D))))  ■
