1: (A -> (B -> (C -> (D -> E))))                     Ass.
2: (~G & ~F)                                         Ass.
3: (~F -> A)                                         Ass.
4: (~F -> (B -> (C -> (D -> E))))                    HS, (A -> (B -> (C -> (D -> E)))), (~F -> A)
5: ~G                                                &E, (~G & ~F)
6: ~F                                                &E, (~G & ~F)
7: (B -> (C -> (D -> E)))                            MP, (~F -> (B -> (C -> (D -> E)))), ~F
8: ((B -> (C -> (D -> E))) & ~G)                     &I, (B -> (C -> (D -> E))), ~G
∴ ((B -> (C -> (D -> E))) & ~G)  ■
