1: ((P & Q) | (X -> Y))          P
2: ~(P & Q)                      P
3: ~Y                            P
4: (X -> Y)                      Derived from [((P & Q) | (X -> Y)), ~(P & Q)], DS
5: ~X                            Derived from [(X -> Y), ~Y], MT
∴ ~X  ■
