1: (P | Q)                                           Ass.
2: ~Q                                                Ass.
3: (~R -> ~P)                                        Ass.
4: P                                                 DS, 1, 2
5: R                                                 MT, 3, 4
6: (~Q & R)                                          &I, 2, 5
∴ (~Q & R)  ■
