1: (B | (C -> D))                                    Ass.
2: (~Q -> (C & ~D))                                  Ass.
3: (~D -> ~B)                                        Ass.
4: (~D & ~A)                                         Ass.
5: ~D                                                &E, 4
6: ~A                                                &E, 4
7: ~B                                                MP, 3, 5
8: (C -> D)                                          DS, 1, 7
9: ~(C & ~D)                                         DeM, 8
10: Q                                                 MT, 2, 9
11: (Q & ~A)                                          &I, 6, 10
12: ((Q & ~A) -> ~B)                                  II, 7, 11
∴ ((Q & ~A) -> ~B)  ■
